D:\TypeScipts\demo\demo8>npm install -g typings
C:\Users\sourabh_sethi\AppData\Roaming\npm\typings -> C:\Users\sourabh_sethi\AppData\Roaming\npm\node_
C:\Users\sourabh_sethi\AppData\Roaming\npm
`-- typings@2.1.0
  +-- archy@1.0.0
  +-- bluebird@3.4.7
  +-- chalk@1.1.3
  | +-- ansi-styles@2.2.1
  | +-- escape-string-regexp@1.0.5
  | +-- has-ansi@2.0.0
  | | `-- ansi-regex@2.1.1
  | +-- strip-ansi@3.0.1
  | `-- supports-color@2.0.0
  +-- cli-truncate@0.2.1
  | +-- slice-ansi@0.0.4
  | `-- string-width@1.0.2
  |   +-- code-point-at@1.1.0
  |   `-- is-fullwidth-code-point@1.0.0
  |     `-- number-is-nan@1.0.1
  +-- columnify@1.5.4
  | `-- wcwidth@1.0.1
  |   `-- defaults@1.0.3
  |     `-- clone@1.0.2
  +-- elegant-spinner@1.0.1
  +-- has-unicode@2.0.1
  +-- listify@1.0.0
  +-- log-update@1.0.2
  | +-- ansi-escapes@1.4.0
  | `-- cli-cursor@1.0.2
  |   `-- restore-cursor@1.0.1
  |     +-- exit-hook@1.1.1
  |     `-- onetime@1.1.0
  +-- minimist@1.2.0
  +-- promise-finally@3.0.0
  +-- typings-core@2.2.0
  | +-- array-uniq@1.0.3
  | +-- configstore@2.1.0
  | | +-- dot-prop@3.0.0
  | | | `-- is-obj@1.0.1
  | | +-- object-assign@4.1.1
  | | +-- os-tmpdir@1.0.2
  | | +-- osenv@0.1.4
  | | +-- uuid@2.0.3
  | | `-- write-file-atomic@1.3.1
  | |   +-- imurmurhash@0.1.4
  | |   `-- slide@1.1.6
  | +-- debug@2.6.0
  | | `-- ms@0.7.2
  | +-- detect-indent@5.0.0
  | +-- graceful-fs@4.1.11
  | +-- has@1.0.1
  | | `-- function-bind@1.1.0
  | +-- invariant@2.2.2
  | | `-- loose-envify@1.3.1
  | |   `-- js-tokens@3.0.0
  | +-- is-absolute@0.2.6
  | | +-- is-relative@0.2.1
  | | | `-- is-unc-path@0.1.2
  | | |   `-- unc-path-regex@0.1.2
  | | `-- is-windows@0.2.0
  | +-- jspm-config@0.3.4
  | | `-- any-promise@1.3.0
  | +-- lockfile@1.0.3
  | +-- make-error-cause@1.2.2
  | | `-- make-error@1.2.1
  | +-- mkdirp@0.5.1
  | | `-- minimist@0.0.8
  | +-- object.pick@1.2.0
  | | `-- isobject@2.1.0
  | |   `-- isarray@1.0.0
  | +-- parse-json@2.2.0
  | | `-- error-ex@1.3.0
  | |   `-- is-arrayish@0.2.1
  | +-- popsicle@9.0.0
  | | +-- concat-stream@1.6.0
  | | | +-- inherits@2.0.3
  | | | +-- readable-stream@2.2.2
  | | | | +-- buffer-shims@1.0.0
  | | | | +-- core-util-is@1.0.2
  | | | | +-- process-nextick-args@1.0.7
  | | | | +-- string_decoder@0.10.31
  | | | | `-- util-deprecate@1.0.2
  | | | `-- typedarray@0.0.6
  | | +-- form-data@2.1.2
  | | | +-- asynckit@0.4.0
  | | | +-- combined-stream@1.0.5
  | | | | `-- delayed-stream@1.0.0
  | | | `-- mime-types@2.1.14
  | | |   `-- mime-db@1.26.0
  | | `-- tough-cookie@2.3.2
  | |   `-- punycode@1.4.1
  | +-- popsicle-proxy-agent@3.0.0
  | | +-- http-proxy-agent@1.0.0
  | | | +-- agent-base@2.0.1
  | | | `-- extend@3.0.0
  | | `-- https-proxy-agent@1.0.0
  | +-- popsicle-retry@3.2.1
  | +-- popsicle-rewrite@1.0.0
  | +-- popsicle-status@2.0.0
  | +-- promise-finally@2.2.1
  | +-- rc@1.1.6
  | | +-- deep-extend@0.4.1
  | | +-- ini@1.3.4
  | | `-- strip-json-comments@1.0.4
  | +-- rimraf@2.5.4
  | | `-- glob@7.1.1
  | |   +-- fs.realpath@1.0.0
  | |   +-- inflight@1.0.6
  | |   | `-- wrappy@1.0.2
  | |   +-- minimatch@3.0.3
  | |   | `-- brace-expansion@1.1.6
  | |   |   +-- balanced-match@0.4.2
  | |   |   `-- concat-map@0.0.1
  | |   +-- once@1.4.0
  | |   `-- path-is-absolute@1.0.1
  | +-- sort-keys@1.1.2
  | | `-- is-plain-obj@1.1.0
  | +-- string-template@1.0.0
  | +-- strip-bom@3.0.0
  | +-- thenify@3.2.1
  | +-- throat@3.0.0
  | +-- touch@1.0.0
  | | `-- nopt@1.0.10
  | |   `-- abbrev@1.0.9
  | +-- typescript@2.1.5
  | `-- zip-object@0.1.0
  +-- update-notifier@1.0.3
  | +-- boxen@0.6.0
  | | +-- ansi-align@1.1.0
  | | +-- camelcase@2.1.1
  | | +-- cli-boxes@1.0.0
  | | +-- filled-array@1.1.0
  | | +-- repeating@2.0.1
  | | | `-- is-finite@1.0.2
  | | `-- widest-line@1.0.0
  | +-- is-npm@1.0.0
  | +-- latest-version@2.0.0
  | | `-- package-json@2.4.0
  | |   +-- got@5.7.1
  | |   | +-- create-error-class@3.0.2
  | |   | | `-- capture-stack-trace@1.0.0
  | |   | +-- duplexer2@0.1.4
  | |   | +-- is-redirect@1.0.0
  | |   | +-- is-retry-allowed@1.1.0
  | |   | +-- is-stream@1.1.0
  | |   | +-- lowercase-keys@1.0.0
  | |   | +-- node-status-codes@1.0.0
  | |   | +-- pinkie-promise@2.0.1
  | |   | | `-- pinkie@2.0.4
  | |   | +-- read-all-stream@3.1.0
  | |   | +-- timed-out@3.1.3
  | |   | +-- unzip-response@1.0.2
  | |   | `-- url-parse-lax@1.0.0
  | |   |   `-- prepend-http@1.0.4
  | |   +-- registry-auth-token@3.1.0
  | |   +-- registry-url@3.1.0
  | |   `-- semver@5.3.0
  | +-- lazy-req@1.1.0
  | +-- semver-diff@2.1.0
  | | `-- semver@5.0.3
  | `-- xdg-basedir@2.0.0
  |   `-- os-homedir@1.0.2
  +-- wordwrap@1.0.0
  `-- xtend@4.0.1


D:\TypeScipts\demo\demo8>dir
 Volume in drive D is DATA
 Volume Serial Number is DAC2-EBBB

 Directory of D:\TypeScipts\demo\demo8

01/28/2017  10:48 PM    <DIR>          .
01/28/2017  10:48 PM    <DIR>          ..
01/28/2017  10:49 PM                69 desc.txt
01/28/2017  10:41 PM    <DIR>          dist
01/28/2017  05:04 PM               399 index.html
01/28/2017  05:16 PM             8,948 logs.txt
01/28/2017  10:41 PM    <DIR>          src
01/28/2017  10:47 PM    <DIR>          systemjs
01/28/2017  05:26 PM               281 tsconfig.json
               4 File(s)          9,697 bytes
               5 Dir(s)  350,942,511,104 bytes free

D:\TypeScipts\demo\demo8>typings install lodash --save
lodash@4.0.0
`-- (No dependencies)


D:\TypeScipts\demo\demo8>

D:\TypeScipts\demo\demo8>

D:\TypeScipts\demo\demo8>http-server -c-1
Starting up http-server, serving ./
Available on:
  http://192.168.1.3:8080
  http://127.0.0.1:8080
Hit CTRL-C to stop the server
[Sat Jan 28 2017 23:32:12 GMT+0530 (India Standard Time)] "GET /" "Mozilla/5.0 (Windows NT 6.1; Win64; x64) AppleWebKit/537.36 (KHTML, like Gecko) Chrome/55.0.2883.87 Safari/537.36"
[Sat Jan 28 2017 23:32:12 GMT+0530 (India Standard Time)] "GET /systemjs/dist/system.js" "Mozilla/5.0 (Windows NT 6.1; Win64; x64) AppleWebKit/537.36 (KHTML, like Gecko) Chrome/55.0.2883.87 Safari/537.36"
[Sat Jan 28 2017 23:32:13 GMT+0530 (India Standard Time)] "GET /systemjs/dist/system.js.map" "Mozilla/5.0 (Windows NT 6.1; Win64; x64) AppleWebKit/537.36 (KHTML, like Gecko) Chrome/55.0.2883.87 Safari/537.36"
[Sat Jan 28 2017 23:32:13 GMT+0530 (India Standard Time)] "GET /dist/main.js" "Mozilla/5.0 (Windows NT 6.1; Win64; x64) AppleWebKit/537.36 (KHTML, like Gecko) Chrome/55.0.2883.87 Safari/537.36"
[Sat Jan 28 2017 23:32:19 GMT+0530 (India Standard Time)] "GET /" "Mozilla/5.0 (Windows NT 6.1; Win64; x64) AppleWebKit/537.36 (KHTML, like Gecko) Chrome/55.0.2883.87 Safari/537.36"
[Sat Jan 28 2017 23:32:19 GMT+0530 (India Standard Time)] "GET /systemjs/dist/system.js" "Mozilla/5.0 (Windows NT 6.1; Win64; x64) AppleWebKit/537.36 (KHTML, like Gecko) Chrome/55.0.2883.87 Safari/537.36"
[Sat Jan 28 2017 23:32:19 GMT+0530 (India Standard Time)] "GET /dist/main.js" "Mozilla/5.0 (Windows NT 6.1; Win64; x64) AppleWebKit/537.36 (KHTML, like Gecko) Chrome/55.0.2883.87 Safari/537.36"
[Sat Jan 28 2017 23:32:19 GMT+0530 (India Standard Time)] "GET /systemjs/dist/system.js.map" "Mozilla/5.0 (Windows NT 6.1; Win64; x64) AppleWebKit/537.36 (KHTML, like Gecko) Chrome/55.0.2883.87 Safari/537.36"
[Sat Jan 28 2017 23:39:58 GMT+0530 (India Standard Time)] "GET /" "Mozilla/5.0 (Windows NT 6.1; Win64; x64) AppleWebKit/537.36 (KHTML, like Gecko) Chrome/55.0.2883.87 Safari/537.36"
[Sat Jan 28 2017 23:39:58 GMT+0530 (India Standard Time)] "GET /systemjs/dist/system.js" "Mozilla/5.0 (Windows NT 6.1; Win64; x64) AppleWebKit/537.36 (KHTML, like Gecko) Chrome/55.0.2883.87 Safari/537.36"
[Sat Jan 28 2017 23:39:58 GMT+0530 (India Standard Time)] "GET /systemjs/dist/system.js.map" "Mozilla/5.0 (Windows NT 6.1; Win64; x64) AppleWebKit/537.36 (KHTML, like Gecko) Chrome/55.0.2883.87 Safari/537.36"
[Sat Jan 28 2017 23:39:58 GMT+0530 (India Standard Time)] "GET /dist/main.js" "Mozilla/5.0 (Windows NT 6.1; Win64; x64) AppleWebKit/537.36 (KHTML, like Gecko) Chrome/55.0.2883.87 Safari/537.36"


